{
	"type": "minecraft:smithing_transform",
	"template": {
	  "item": "minecraft:dune_armor_trim_smithing_template"
	},
	"base": {
		"item": "minecraft:golden_sword"
	  },
	  "addition": {
		"item": "minecraft:gold_ingot"
	  },
	  "result": {
		  "id": "minecraft:golden_sword",
		  "components": {
			"minecraft:item_name": "\"Golden Greatsword\"",
			"minecraft:custom_model_data": 888515,
			"minecraft:lore": [
				"{\"translate\":\"\",\"color\":white,\"italic\":false}",
				"{\"translate\":\"When in Main Hand:\",\"color\":gray,\"italic\":false}",
				"{\"translate\":\" 4 Attack Damage\",\"color\":dark_green,\"italic\":false}",
				"{\"translate\":\" 1.6 Attack Speed\",\"color\":dark_green,\"italic\":false}",
				"{\"translate\":\" +1 Attack Range\",\"color\":dark_green,\"italic\":false}"
			],
			"minecraft:attribute_modifiers": {
				"modifiers": [{
					"type": "minecraft:generic.attack_damage",
					"id": "bracken:golden_greatsword",
					"amount": 3,
					"operation": "add_value",
					"slot": "mainhand"
				},{
					"type": "minecraft:generic.attack_speed",
					"id": "bracken:golden_greatsword",
					"amount": -2.4,
					"operation": "add_value",
					"slot": "mainhand"
				},
				{
					"type": "minecraft:player.entity_interaction_range",
					"id": "bracken:golden_greatsword",
					"amount": 1,
					"operation": "add_value",
					"slot": "mainhand"
				}],
				"show_in_tooltip": false
			}
		}
	}
}