{
	"type": "minecraft:smithing_transform",
	"template": {
	  "item": "minecraft:host_armor_trim_smithing_template"
	},
	"base": {
		"item": "minecraft:golden_sword"
	  },
	  "addition": {
		"item": "minecraft:gold_ingot"
	  },
	  "result": {
		  "id": "minecraft:golden_sword",
		  "components": {
			"minecraft:item_name": "\"Golden Sickle\"",
			"minecraft:custom_model_data": 888510,
			"minecraft:lore": [
				"{\"translate\":\"\",\"color\":white,\"italic\":false}",
				"{\"translate\":\"When in Main Hand:\",\"color\":gray,\"italic\":false}",
				"{\"translate\":\" 5 Attack Damage\",\"color\":dark_green,\"italic\":false}",
				"{\"translate\":\" 1.6 Attack Speed\",\"color\":dark_green,\"italic\":false}"
			],
			"minecraft:attribute_modifiers": {
				"modifiers": [{
					"type": "minecraft:generic.attack_damage",
					"id": "bracken:golden_sickle",
					"amount": 4,
					"operation": "add_value",
					"slot": "mainhand"
				},{
					"type": "minecraft:generic.attack_speed",
					"id": "bracken:golden_sickle",
					"amount": -2.4,
					"operation": "add_value",
					"slot": "mainhand"
				}],
				"show_in_tooltip": false
			}
		}
	}
}